/home/runner/work/SpringTestFramework/SpringTestFramework/src/main/java/com/ea/SpringTestFramework/SpringTestFrameworkApplication.java
/home/runner/work/SpringTestFramework/SpringTestFramework/src/main/java/com/ea/SpringTestFramework/models/TestUserDetails.java
/home/runner/work/SpringTestFramework/SpringTestFramework/src/main/java/com/ea/SpringTestFramework/models/UserDetails.java
/home/runner/work/SpringTestFramework/SpringTestFramework/src/main/java/com/ea/SpringTestFramework/annotation/PageScope.java
/home/runner/work/SpringTestFramework/SpringTestFramework/src/main/java/com/ea/SpringTestFramework/libraries/DriverScopeConfig.java
/home/runner/work/SpringTestFramework/SpringTestFramework/src/main/java/com/ea/SpringTestFramework/libraries/DriverScope.java
/home/runner/work/SpringTestFramework/SpringTestFramework/src/main/java/com/ea/SpringTestFramework/libraries/WebDriverLibrary.java
/home/runner/work/SpringTestFramework/SpringTestFramework/src/main/java/com/ea/SpringTestFramework/Car.java
/home/runner/work/SpringTestFramework/SpringTestFramework/src/main/java/com/ea/SpringTestFramework/libraries/DriverScopePostProcessor.java
