/home/runner/work/SpringTestFramework/SpringTestFramework/src/test/java/com/ea/SpringTestFramework/runner/TestRunner.java
/home/runner/work/SpringTestFramework/SpringTestFramework/src/test/java/com/ea/SpringTestFramework/steps/LoginSteps.java
/home/runner/work/SpringTestFramework/SpringTestFramework/src/test/java/com/ea/SpringTestFramework/steps/HomeSteps.java
/home/runner/work/SpringTestFramework/SpringTestFramework/src/test/java/com/ea/SpringTestFramework/steps/CucumberTestContextConfig.java
/home/runner/work/SpringTestFramework/SpringTestFramework/src/test/java/com/ea/SpringTestFramework/SpringTestNGTest.java
/home/runner/work/SpringTestFramework/SpringTestFramework/src/test/java/com/ea/SpringTestFramework/pages/LoginPage.java
/home/runner/work/SpringTestFramework/SpringTestFramework/src/test/java/com/ea/SpringTestFramework/steps/Hooks.java
/home/runner/work/SpringTestFramework/SpringTestFramework/src/test/java/com/ea/SpringTestFramework/SpringTestFrameworkApplicationTests.java
/home/runner/work/SpringTestFramework/SpringTestFramework/src/test/java/com/ea/SpringTestFramework/pages/MainPage.java
/home/runner/work/SpringTestFramework/SpringTestFramework/src/test/java/com/ea/SpringTestFramework/pages/BasePage.java
/home/runner/work/SpringTestFramework/SpringTestFramework/src/test/java/com/ea/SpringTestFramework/SpringTestNGTest_Dup.java
/home/runner/work/SpringTestFramework/SpringTestFramework/src/test/java/com/ea/SpringTestFramework/pages/HomePage.java
